// Jest Snapshot v1, https://goo.gl/fbAQLP

exports[`Error Component matches snapshot 1`] = `
<DocumentFragment>
  <div
    class="min-h-screen flex flex-col items-center justify-center bg-gray-50 p-6"
  >
    <div
      class="max-w-md w-full text-center"
    >
      <h1
        class="text-3xl font-bold text-gray-800 mb-6"
      >
        Oops! Something went wrong.
      </h1>
      <div
        class="flex justify-center gap-4"
      >
        <button
          class="px-6 py-2 bg-blue-600 text-white rounded-md hover:bg-blue-700 transition"
        >
          Try Again
        </button>
        <button
          class="px-6 py-2 bg-gray-300 text-gray-800 rounded-md hover:bg-gray-400 transition"
        >
          Go Back
        </button>
      </div>
    </div>
  </div>
</DocumentFragment>
`;
