// Jest Snapshot v1, https://goo.gl/fbAQLP

exports[`ArtworkCard Component matches snapshot 1`] = `
<DocumentFragment>
  <a
    href="/artwork/1"
  >
    <div
      class="relative aspect-square overflow-hidden bg-gray-100"
    >
      <img
        alt="Mona Lisa"
        class="w-full h-full object-cover transition-transform duration-500 group-hover:scale-105"
        data-testid="grid-image"
        src="https://iiif.artic.edu/iiif/2/1/full/843,/0/default.jpg"
      />
      <div
        class="absolute inset-0 bg-gradient-to-t from-black/30 to-transparent opacity-0 group-hover:opacity-100 transition-opacity duration-300"
      />
    </div>
    <div
      class="p-5"
    >
      <h3
        class="text-lg font-semibold text-gray-800 line-clamp-2"
      >
        Mona Lisa
      </h3>
    </div>
  </a>
</DocumentFragment>
`;
